2025-01-03 21:03:31,053 [INFO] This is a test log entry.
2025-01-03 21:03:35,431 [INFO] This is a test log entry.
2025-01-03 21:03:38,630 [INFO] This is a test log entry.
